
> Configure project :
Fabric Loom: 1.17.19

> Task :extractFiguraNestedJars UP-TO-DATE
> Task :compileJava
> Task :processResources UP-TO-DATE
> Task :classes
> Task :jar
> Task :processIncludeJars UP-TO-DATE
> Task :compileTestJava NO-SOURCE
> Task :processTestResources NO-SOURCE
> Task :testClasses UP-TO-DATE
> Task :test NO-SOURCE
> Task :validateAccessWidener UP-TO-DATE
> Task :check UP-TO-DATE
> Task :remapJar
> Task :remapSourcesJar SKIPPED
> Task :assemble
> Task :build

[Incubating] Problems report is available at: file:///C:/Users/ilusha/Desktop/cheap-template-1.21.4/build/reports/problems/problems-report.html

Deprecated Gradle features were used in this build, making it incompatible with Gradle 10.

You can use '--warning-mode all' to show the individual deprecation warnings and determine if they come from your own scripts or plugins.

For more on this, please refer to https://docs.gradle.org/9.5.1/userguide/command_line_interface.html#sec:command_line_warnings in the Gradle documentation.

BUILD SUCCESSFUL in 1m 7s
7 actionable tasks: 3 executed, 4 up-to-date
